[    0.000000] Linux version 4.15.0-212-generic (buildd@lcy02-amd64-083) (gcc version 7.5.0 (Ubuntu 7.5.0-3ubuntu1~18.04)) #223-Ubuntu SMP Tue May 23 13:09:22 UTC 2023 (Ubuntu 4.15.0-212.223-generic 4.15.18)
[    0.000000] Command line: BOOT_IMAGE=/boot/vmlinuz-4.15.0-212-generic root=LABEL=cloudimg-rootfs ro console=tty1 console=ttyS0
[    0.000000] KERNEL supported cpus:
[    0.000000]   Intel GenuineIntel
[    0.000000]   AMD AuthenticAMD
[    0.000000]   Centaur CentaurHauls
[    0.000000] [Firmware Bug]: TSC doesn't count with P0 frequency!
[    0.000000] x86/fpu: Supporting XSAVE feature 0x001: 'x87 floating point registers'
[    0.000000] x86/fpu: Supporting XSAVE feature 0x002: 'SSE registers'
[    0.000000] x86/fpu: Supporting XSAVE feature 0x004: 'AVX registers'
[    0.000000] x86/fpu: xstate_offset[2]:  576, xstate_sizes[2]:  256
[    0.000000] x86/fpu: Enabled xstate features 0x7, context size is 832 bytes, using 'standard' format.
[    0.000000] e820: BIOS-provided physical RAM map:
[    0.000000] BIOS-e820: [mem 0x0000000000000000-0x000000000009fbff] usable
[    0.000000] BIOS-e820: [mem 0x000000000009fc00-0x000000000009ffff] reserved
[    0.000000] BIOS-e820: [mem 0x00000000000f0000-0x00000000000fffff] reserved
[    0.000000] BIOS-e820: [mem 0x0000000000100000-0x000000003ffeffff] usable
[    0.000000] BIOS-e820: [mem 0x000000003fff0000-0x000000003fffffff] ACPI data
[    0.000000] BIOS-e820: [mem 0x00000000fec00000-0x00000000fec00fff] reserved
[    0.000000] BIOS-e820: [mem 0x00000000fee00000-0x00000000fee00fff] reserved
[    0.000000] BIOS-e820: [mem 0x00000000fffc0000-0x00000000ffffffff] reserved
[    0.000000] NX (Execute Disable) protection: active
[    0.000000] SMBIOS 2.5 present.
[    0.000000] DMI: innotek GmbH VirtualBox/VirtualBox, BIOS VirtualBox 12/01/2006
[    0.000000] Hypervisor detected: KVM
[    0.000000] e820: last_pfn = 0x3fff0 max_arch_pfn = 0x400000000
[    0.000000] MTRR: Disabled
[    0.000000] x86/PAT: MTRRs disabled, skipping PAT initialization too.
[    0.000000] CPU MTRRs all blank - virtualized system.
[    0.000000] x86/PAT: Configuration [0-7]: WB  WT  UC- UC  WB  WT  UC- UC  
[    0.000000] found SMP MP-table at [mem 0x0009fff0-0x0009ffff]
[    0.000000] Scanning 1 areas for low memory corruption
[    0.000000] RAMDISK: [mem 0x359cb000-0x36cdcfff]
[    0.000000] ACPI: Early table checksum verification disabled
[    0.000000] ACPI: RSDP 0x00000000000E0000 000024 (v02 VBOX  )
[    0.000000] ACPI: XSDT 0x000000003FFF0030 00003C (v01 VBOX   VBOXXSDT 00000001 ASL  00000061)
[    0.000000] ACPI: FACP 0x000000003FFF00F0 0000F4 (v04 VBOX   VBOXFACP 00000001 ASL  00000061)
[    0.000000] ACPI: DSDT 0x000000003FFF0470 002325 (v02 VBOX   VBOXBIOS 00000002 INTL 20200925)
[    0.000000] ACPI: FACS 0x000000003FFF0200 000040
[    0.000000] ACPI: FACS 0x000000003FFF0200 000040
[    0.000000] ACPI: APIC 0x000000003FFF0240 00005C (v02 VBOX   VBOXAPIC 00000001 ASL  00000061)
[    0.000000] ACPI: SSDT 0x000000003FFF02A0 0001CC (v01 VBOX   VBOXCPUT 00000002 INTL 20200925)
[    0.000000] ACPI: Reserving FACP table memory at [mem 0x3fff00f0-0x3fff01e3]
[    0.000000] ACPI: Reserving DSDT table memory at [mem 0x3fff0470-0x3fff2794]
[    0.000000] ACPI: Reserving FACS table memory at [mem 0x3fff0200-0x3fff023f]
[    0.000000] ACPI: Reserving FACS table memory at [mem 0x3fff0200-0x3fff023f]
[    0.000000] ACPI: Reserving APIC table memory at [mem 0x3fff0240-0x3fff029b]
[    0.000000] ACPI: Reserving SSDT table memory at [mem 0x3fff02a0-0x3fff046b]
[    0.000000] No NUMA configuration found
[    0.000000] Faking a node at [mem 0x0000000000000000-0x000000003ffeffff]
[    0.000000] NODE_DATA(0) allocated [mem 0x3ffc5000-0x3ffeffff]
[    0.000000] kvm-clock: cpu 0, msr 0:3ff44001, primary cpu clock
[    0.000000] kvm-clock: Using msrs 4b564d01 and 4b564d00
[    0.000000] kvm-clock: using sched offset of 3438839718 cycles
[    0.000000] clocksource: kvm-clock: mask: 0xffffffffffffffff max_cycles: 0x1cd42e4dffb, max_idle_ns: 881590591483 ns
[    0.000000] Zone ranges:
[    0.000000]   DMA      [mem 0x0000000000001000-0x0000000000ffffff]
[    0.000000]   DMA32    [mem 0x0000000001000000-0x000000003ffeffff]
[    0.000000]   Normal   empty
[    0.000000]   Device   empty
[    0.000000] Movable zone start for each node
[    0.000000] Early memory node ranges
[    0.000000]   node   0: [mem 0x0000000000001000-0x000000000009efff]
[    0.000000]   node   0: [mem 0x0000000000100000-0x000000003ffeffff]
[    0.000000] Reserved but unavailable: 104 pages
[    0.000000] Initmem setup node 0 [mem 0x0000000000001000-0x000000003ffeffff]
[    0.000000] ACPI: PM-Timer IO Port: 0x4008
[    0.000000] IOAPIC[0]: apic_id 2, version 32, address 0xfec00000, GSI 0-23
[    0.000000] ACPI: INT_SRC_OVR (bus 0 bus_irq 0 global_irq 2 dfl dfl)
[    0.000000] ACPI: INT_SRC_OVR (bus 0 bus_irq 9 global_irq 9 low level)
[    0.000000] Using ACPI (MADT) for SMP configuration information
[    0.000000] smpboot: Allowing 2 CPUs, 0 hotplug CPUs
[    0.000000] PM: Registered nosave memory: [mem 0x00000000-0x00000fff]
[    0.000000] PM: Registered nosave memory: [mem 0x0009f000-0x0009ffff]
[    0.000000] PM: Registered nosave memory: [mem 0x000a0000-0x000effff]
[    0.000000] PM: Registered nosave memory: [mem 0x000f0000-0x000fffff]
[    0.000000] e820: [mem 0x40000000-0xfebfffff] available for PCI devices
[    0.000000] Booting paravirtualized kernel on KVM
[    0.000000] clocksource: refined-jiffies: mask: 0xffffffff max_cycles: 0xffffffff, max_idle_ns: 7645519600211568 ns
[    0.000000] setup_percpu: NR_CPUS:8192 nr_cpumask_bits:2 nr_cpu_ids:2 nr_node_ids:1
[    0.000000] percpu: Embedded 50 pages/cpu s167936 r8192 d28672 u1048576
[    0.000000] PV qspinlock hash table entries: 256 (order: 0, 4096 bytes)
[    0.000000] Built 1 zonelists, mobility grouping on.  Total pages: 257913
[    0.000000] Policy zone: DMA32
[    0.000000] Kernel command line: BOOT_IMAGE=/boot/vmlinuz-4.15.0-212-generic root=LABEL=cloudimg-rootfs ro console=tty1 console=ttyS0
[    0.000000] Memory: 982644K/1048120K available (12300K kernel code, 2477K rwdata, 4324K rodata, 2480K init, 2720K bss, 65476K reserved, 0K cma-reserved)
[    0.000000] SLUB: HWalign=64, Order=0-3, MinObjects=0, CPUs=2, Nodes=1
[    0.000000] ftrace: allocating 39508 entries in 155 pages
[    0.004000] Hierarchical RCU implementation.
[    0.004000] 	RCU restricting CPUs from NR_CPUS=8192 to nr_cpu_ids=2.
[    0.004000] 	Tasks RCU enabled.
[    0.004000] RCU: Adjusting geometry for rcu_fanout_leaf=16, nr_cpu_ids=2
[    0.004000] NR_IRQS: 524544, nr_irqs: 440, preallocated irqs: 16
[    0.004000] random: crng init done
[    0.004000] Console: colour VGA+ 80x25
[    0.004000] console [tty1] enabled
[    0.004000] console [ttyS0] enabled
[    0.004000] ACPI: Core revision 20170831
[    0.004000] ACPI: 2 ACPI AML tables successfully acquired and loaded
[    0.004000] APIC: Switch to symmetric I/O mode setup
[    0.004000] x2apic enabled
[    0.004000] Switched APIC routing to physical x2apic.
[    0.004000] ..TIMER: vector=0x30 apic1=0 pin1=2 apic2=-1 pin2=-1
[    0.004000] tsc: Detected 1796.624 MHz processor
[    0.004000] Calibrating delay loop (skipped) preset value.. 3593.24 BogoMIPS (lpj=7186496)
[    0.004006] pid_max: default: 32768 minimum: 301
[    0.005049] Security Framework initialized
[    0.005962] Yama: becoming mindful.
[    0.006665] AppArmor: AppArmor initialized
[    0.009217] Dentry cache hash table entries: 131072 (order: 8, 1048576 bytes)
[    0.010614] Inode-cache hash table entries: 65536 (order: 7, 524288 bytes)
[    0.012017] Mount-cache hash table entries: 2048 (order: 2, 16384 bytes)
[    0.013125] Mountpoint-cache hash table entries: 2048 (order: 2, 16384 bytes)
[    0.014643] Last level iTLB entries: 4KB 1024, 2MB 1024, 4MB 512
[    0.016004] Last level dTLB entries: 4KB 2048, 2MB 2048, 4MB 1024, 1GB 0
[    0.017095] Spectre V1 : Mitigation: usercopy/swapgs barriers and __user pointer sanitization
[    0.018579] Spectre V2 : Mitigation: Retpolines
[    0.019389] Spectre V2 : Spectre v2 / SpectreRSB mitigation: Filling RSB on context switch
[    0.020002] Spectre V2 : Spectre v2 / SpectreRSB : Filling RSB on VMEXIT
[    0.021155] RETBleed: Vulnerable
[    0.022001] Freeing SMP alternatives memory: 36K
[    0.133986] smpboot: CPU0: AMD Ryzen 7 5700U with Radeon Graphics (family: 0x17, model: 0x68, stepping: 0x1)
[    0.136000] Performance Events: PMU not available due to virtualization, using software events only.
[    0.136000] Hierarchical SRCU implementation.
[    0.136541] NMI watchdog: Perf event create on CPU 0 failed with -2
[    0.137614] NMI watchdog: Perf NMI watchdog permanently disabled
[    0.138687] smp: Bringing up secondary CPUs ...
[    0.140082] x86: Booting SMP configuration:
[    0.140855] .... node  #0, CPUs:      #1
[    0.004000] kvm-clock: cpu 1, msr 0:3ff44041, secondary cpu clock
[    0.144026] smp: Brought up 1 node, 2 CPUs
[    0.144824] smpboot: Max logical packages: 1
[    0.145827] smpboot: Total of 2 processors activated (7186.49 BogoMIPS)
[    0.148198] devtmpfs: initialized
[    0.148198] x86/mm: Memory block size: 128MB
[    0.149402] evm: security.selinux
[    0.150254] evm: security.SMACK64
[    0.151106] evm: security.SMACK64EXEC
[    0.152009] evm: security.SMACK64TRANSMUTE
[    0.152923] evm: security.SMACK64MMAP
[    0.153757] evm: security.apparmor
[    0.154572] evm: security.ima
[    0.155242] evm: security.capability
[    0.156093] clocksource: jiffies: mask: 0xffffffff max_cycles: 0xffffffff, max_idle_ns: 7645041785100000 ns
[    0.157757] futex hash table entries: 512 (order: 3, 32768 bytes)
[    0.160070] pinctrl core: initialized pinctrl subsystem
[    0.161316] RTC time:  2:45:36, date: 06/26/24
[    0.162417] NET: Registered protocol family 16
[    0.164085] audit: initializing netlink subsys (disabled)
[    0.165187] audit: type=2000 audit(1719369941.860:1): state=initialized audit_enabled=0 res=1
[    0.168009] cpuidle: using governor ladder
[    0.168022] cpuidle: using governor menu
[    0.169107] ACPI: bus type PCI registered
[    0.172006] acpiphp: ACPI Hot Plug PCI Controller Driver version: 0.5
[    0.173374] PCI: Using configuration type 1 for base access
[    0.174480] PCI: Using configuration type 1 for extended access
[    0.176596] HugeTLB registered 2.00 MiB page size, pre-allocated 0 pages
[    0.176596] ACPI: Added _OSI(Module Device)
[    0.177018] ACPI: Added _OSI(Processor Device)
[    0.180004] ACPI: Added _OSI(3.0 _SCP Extensions)
[    0.180963] ACPI: Added _OSI(Processor Aggregator Device)
[    0.182049] ACPI: Added _OSI(Linux-Dell-Video)
[    0.182930] ACPI: Added _OSI(Linux-Lenovo-NV-HDMI-Audio)
[    0.184011] ACPI: Added _OSI(Linux-HPI-Hybrid-Graphics)
[    0.185327] ACPI: Executed 1 blocks of module-level executable AML code
[    0.190142] ACPI: Interpreter enabled
[    0.190988] ACPI: (supports S0 S5)
[    0.191734] ACPI: Using IOAPIC for interrupt routing
[    0.192238] PCI: Using host bridge windows from ACPI; if necessary, use "pci=nocrs" and report a bug
[    0.194223] ACPI: Enabled 2 GPEs in block 00 to 07
[    0.201116] ACPI: PCI Root Bridge [PCI0] (domain 0000 [bus 00-ff])
[    0.202347] acpi PNP0A03:00: _OSC: OS supports [ExtendedConfig ASPM ClockPM Segments MSI]
[    0.204941] acpi PNP0A03:00: _OSC: platform does not support [PCIeCapability]
[    0.206786] acpi PNP0A03:00: _OSC: not requesting control; platform does not support [PCIeCapability]
[    0.208004] acpi PNP0A03:00: _OSC: OS requested [PCIeHotplug PME AER PCIeCapability]
[    0.209591] acpi PNP0A03:00: _OSC: platform willing to grant [PCIeHotplug PME AER]
[    0.211157] acpi PNP0A03:00: _OSC failed (AE_SUPPORT); disabling ASPM
[    0.212327] PCI host bridge to bus 0000:00
[    0.214539] pci_bus 0000:00: root bus resource [io  0x0000-0x0cf7 window]
[    0.216004] pci_bus 0000:00: root bus resource [io  0x0d00-0xffff window]
[    0.217259] pci_bus 0000:00: root bus resource [mem 0x000a0000-0x000bffff window]
[    0.218743] pci_bus 0000:00: root bus resource [mem 0x40000000-0xfdffffff window]
[    0.220004] pci_bus 0000:00: root bus resource [bus 00-ff]
[    0.222535] pci 0000:00:01.1: legacy IDE quirk: reg 0x10: [io  0x01f0-0x01f7]
[    0.224004] pci 0000:00:01.1: legacy IDE quirk: reg 0x14: [io  0x03f6]
[    0.225230] pci 0000:00:01.1: legacy IDE quirk: reg 0x18: [io  0x0170-0x0177]
[    0.226620] pci 0000:00:01.1: legacy IDE quirk: reg 0x1c: [io  0x0376]
[    0.245992] pci 0000:00:07.0: quirk: [io  0x4000-0x403f] claimed by PIIX4 ACPI
[    0.248015] pci 0000:00:07.0: quirk: [io  0x4100-0x410f] claimed by PIIX4 SMB
[    0.261450] ACPI: PCI Interrupt Link [LNKA] (IRQs 5 9 10 *11)
[    0.263012] ACPI: PCI Interrupt Link [LNKB] (IRQs 5 9 *10 11)
[    0.264093] ACPI: PCI Interrupt Link [LNKC] (IRQs 5 *9 10 11)
[    0.265327] ACPI: PCI Interrupt Link [LNKD] (IRQs 5 9 10 *11)
[    0.266873] SCSI subsystem initialized
[    0.268033] pci 0000:00:02.0: vgaarb: setting as boot VGA device
[    0.269250] pci 0000:00:02.0: vgaarb: VGA device added: decodes=io+mem,owns=io+mem,locks=none
[    0.270949] pci 0000:00:02.0: vgaarb: bridge control possible
[    0.272003] vgaarb: loaded
[    0.272644] ACPI: bus type USB registered
[    0.273494] usbcore: registered new interface driver usbfs
[    0.274573] usbcore: registered new interface driver hub
[    0.275675] usbcore: registered new device driver usb
[    0.276043] EDAC MC: Ver: 3.0.0
[    0.276164] PCI: Using ACPI for IRQ routing
[    0.277164] NetLabel: Initializing
[    0.277926] NetLabel:  domain hash size = 128
[    0.278779] NetLabel:  protocols = UNLABELED CIPSOv4 CALIPSO
[    0.280025] NetLabel:  unlabeled traffic allowed by default
[    0.281157] clocksource: Switched to clocksource kvm-clock
[    0.294711] VFS: Disk quotas dquot_6.6.0
[    0.295634] VFS: Dquot-cache hash table entries: 512 (order 0, 4096 bytes)
[    0.297103] AppArmor: AppArmor Filesystem Enabled
[    0.298106] pnp: PnP ACPI init
[    0.299627] pnp: PnP ACPI: found 3 devices
[    0.310548] clocksource: acpi_pm: mask: 0xffffff max_cycles: 0xffffff, max_idle_ns: 2085701024 ns
[    0.312144] NET: Registered protocol family 2
[    0.313374] IP idents hash table entries: 16384 (order: 5, 131072 bytes)
[    0.314941] TCP established hash table entries: 8192 (order: 4, 65536 bytes)
[    0.317512] TCP bind hash table entries: 8192 (order: 5, 131072 bytes)
[    0.318814] TCP: Hash tables configured (established 8192 bind 8192)
[    0.320120] UDP hash table entries: 512 (order: 2, 16384 bytes)
[    0.321334] UDP-Lite hash table entries: 512 (order: 2, 16384 bytes)
[    0.322631] NET: Registered protocol family 1
[    0.323571] pci 0000:00:00.0: Limiting direct PCI/PCI transfers
[    0.324774] pci 0000:00:01.0: Activating ISA DMA hang workarounds
[    0.326033] pci 0000:00:02.0: Video device with shadowed ROM at [mem 0x000c0000-0x000dffff]
[    0.327850] Unpacking initramfs...
[    0.673430] Freeing initrd memory: 19528K
[    0.674483] clocksource: tsc: mask: 0xffffffffffffffff max_cycles: 0x19e5b473752, max_idle_ns: 440795288133 ns
[    0.676598] platform rtc_cmos: registered platform RTC device (no PNP device found)
[    0.678229] Scanning for low memory corruption every 60 seconds
[    0.680141] Initialise system trusted keyrings
[    0.681162] Key type blacklist registered
[    0.682112] workingset: timestamp_bits=36 max_order=18 bucket_order=0
[    0.684482] zbud: loaded
[    0.685640] squashfs: version 4.0 (2009/01/31) Phillip Lougher
[    0.687088] fuse init (API version 7.26)
[    0.691399] Key type asymmetric registered
[    0.692440] Asymmetric key parser 'x509' registered
[    0.693661] Block layer SCSI generic (bsg) driver version 0.4 loaded (major 246)
[    0.695432] io scheduler noop registered
[    0.696381] io scheduler deadline registered
[    0.697483] io scheduler cfq registered (default)
[    0.698879] ACPI: AC Adapter [AC] (off-line)
[    0.699965] input: Power Button as /devices/LNXSYSTM:00/LNXPWRBN:00/input/input0
[    0.701760] ACPI: Power Button [PWRF]
[    0.702719] input: Sleep Button as /devices/LNXSYSTM:00/LNXSLPBN:00/input/input1
[    0.704461] ACPI: Sleep Button [SLPF]
[    0.705712] Serial: 8250/16550 driver, 32 ports, IRQ sharing enabled
[    0.706523] ACPI: Battery Slot [BAT0] (battery present)
[    0.728303] 00:02: ttyS0 at I/O 0x3f8 (irq = 4, base_baud = 115200) is a 16550A
[    0.732554] Linux agpgart interface v0.103
[    0.736216] loop: module loaded
[    0.737654] scsi host0: ata_piix
[    0.738661] scsi host1: ata_piix
[    0.739467] ata1: PATA max UDMA/33 cmd 0x1f0 ctl 0x3f6 bmdma 0xd000 irq 14
[    0.740930] ata2: PATA max UDMA/33 cmd 0x170 ctl 0x376 bmdma 0xd008 irq 15
[    0.742598] tun: Universal TUN/TAP device driver, 1.6
[    0.743722] PPP generic driver version 2.4.2
[    0.744775] ehci_hcd: USB 2.0 'Enhanced' Host Controller (EHCI) Driver
[    0.746056] ehci-pci: EHCI PCI platform driver
[    0.747006] ehci-platform: EHCI generic platform driver
[    0.748071] ohci_hcd: USB 1.1 'Open' Host Controller (OHCI) Driver
[    0.749374] ohci-pci: OHCI PCI platform driver
[    0.750348] ohci-platform: OHCI generic platform driver
[    0.751459] uhci_hcd: USB Universal Host Controller Interface driver
[    0.752804] i8042: PNP: PS/2 Controller [PNP0303:PS2K,PNP0f03:PS2M] at 0x60,0x64 irq 1,12
[    0.755127] serio: i8042 KBD port at 0x60,0x64 irq 1
[    0.756204] serio: i8042 AUX port at 0x60,0x64 irq 12
[    0.757620] mousedev: PS/2 mouse device common for all mice
[    0.759183] input: AT Translated Set 2 keyboard as /devices/platform/i8042/serio0/input/input2
[    0.760368] rtc_cmos rtc_cmos: rtc core: registered rtc_cmos as rtc0
[    0.762404] rtc_cmos rtc_cmos: alarms up to one day, 114 bytes nvram
[    0.763745] i2c /dev entries driver
[    0.764637] device-mapper: uevent: version 1.0.3
[    0.765745] device-mapper: ioctl: 4.37.0-ioctl (2017-09-20) initialised: dm-devel@redhat.com
[    0.767708] ledtrig-cpu: registered to indicate activity on CPUs
[    0.769428] NET: Registered protocol family 10
[    0.774005] Segment Routing with IPv6
[    0.774902] NET: Registered protocol family 17
[    0.775980] Key type dns_resolver registered
[    0.777197] mce: Using 0 MCE banks
[    0.777974] RAS: Correctable Errors collector initialized.
[    0.779160] sched_clock: Marking stable (777166254, 0)->(957195382, -180029128)
[    0.781206] registered taskstats version 1
[    0.782119] Loading compiled-in X.509 certificates
[    0.785387] Loaded X.509 cert 'Build time autogenerated kernel key: b5b26778eaa3ab3a4a6cee031137706e947d12ad'
[    0.787959] Loaded X.509 cert 'Canonical Ltd. Live Patch Signing: 14df34d1a87cf37625abec039ef2bf521249b969'
[    0.790559] Loaded X.509 cert 'Canonical Ltd. Kernel Module Signing: 88f752e560a1e0737e31163a466ad7b70a850c19'
[    0.792633] blacklist: Loading compiled-in revocation X.509 certificates
[    0.794058] Loaded X.509 cert 'Canonical Ltd. Secure Boot Signing: 61482aa2830d0ab2ad5af10b7250da9033ddcef0'
[    0.796053] Loaded X.509 cert 'Canonical Ltd. Secure Boot Signing (2017): 242ade75ac4a15e50d50c84b0d45ff3eae707a03'
[    0.798305] Loaded X.509 cert 'Canonical Ltd. Secure Boot Signing (ESM 2018): 365188c1d374d6b07c3c8f240f8ef722433d6a8b'
[    0.800532] Loaded X.509 cert 'Canonical Ltd. Secure Boot Signing (2019): c0746fd6c5da3ae827864651ad66ae47fe24b3e8'
[    0.802752] Loaded X.509 cert 'Canonical Ltd. Secure Boot Signing (2021 v1): a8d54bbb3825cfb94fa13c9f8a594a195c107b8d'
[    0.804954] Loaded X.509 cert 'Canonical Ltd. Secure Boot Signing (2021 v2): 4cf046892d6fd3c9a5b03f98d845f90851dc6a8c'
[    0.807162] Loaded X.509 cert 'Canonical Ltd. Secure Boot Signing (2021 v3): 100437bb6de6e469b581e61cd66bce3ef4ed53af'
[    0.809402] Loaded X.509 cert 'Canonical Ltd. Secure Boot Signing (Ubuntu Core 2019): c1d57b8f6b743f23ee41f4f7ee292f06eecadfb9'
[    0.811757] zswap: loaded using pool lzo/zbud
[    0.815970] Key type big_key registered
[    0.816880] Key type trusted registered
[    0.819374] Key type encrypted registered
[    0.820323] AppArmor: AppArmor sha1 policy hashing enabled
[    0.821521] ima: No TPM chip found, activating TPM-bypass! (rc=-19)
[    0.822826] ima: Allocated hash algorithm: sha1
[    0.823813] evm: HMAC attrs: 0x1
[    0.824766]   Magic number: 12:399:764
[    0.825618] event_source breakpoint: hash matches
[    0.826707] rtc_cmos rtc_cmos: setting system clock to 2024-06-26 02:45:37 UTC (1719369937)
[    0.828725] BIOS EDD facility v0.16 2004-Jun-25, 0 devices found
[    0.830008] EDD information not available.
[    0.927918] Freeing unused kernel image memory: 2480K
[    0.940131] Write protecting the kernel read-only data: 20480k
[    0.941995] Freeing unused kernel image memory: 2008K
[    0.943586] Freeing unused kernel image memory: 1820K
[    0.953663] x86/mm: Checked W+X mappings: passed, no W+X pages found.
Loading, please wait...
starting version 237
[    1.021893] e1000: Intel(R) PRO/1000 Network Driver - version 7.3.21-k8-NAPI
[    1.023617] e1000: Copyright (c) 1999-2006 Intel Corporation.
[    1.025211] Fusion MPT base driver 3.04.20
[    1.026270] Copyright (c) 1999-2008 LSI Corporation
[    1.031205] Fusion MPT SPI Host driver 3.04.20
[    1.048292] AVX2 version of gcm_enc/dec engaged.
[    1.049478] AES CTR mode by8 optimization enabled
[    1.258090] input: ImExPS/2 Generic Explorer Mouse as /devices/platform/i8042/serio1/input/input4
[    1.401660] e1000 0000:00:03.0 eth0: (PCI:33MHz:32-bit) 02:3b:7b:b7:3b:2d
[    1.403236] e1000 0000:00:03.0 eth0: Intel(R) PRO/1000 Network Connection
[    1.781558] e1000 0000:00:08.0 eth1: (PCI:33MHz:32-bit) 08:00:27:50:f5:10
[    1.783106] e1000 0000:00:08.0 eth1: Intel(R) PRO/1000 Network Connection
[    1.785512] e1000 0000:00:08.0 enp0s8: renamed from eth1
[    1.788096] mptbase: ioc0: Initiating bringup
[    1.832692] e1000 0000:00:03.0 enp0s3: renamed from eth0
[    1.884388] ioc0: LSI53C1030 A0: Capabilities={Initiator}
[    2.132378] scsi host2: ioc0: LSI53C1030 A0, FwRev=00000000h, Ports=1, MaxQ=256, IRQ=20
[    3.382793] scsi 2:0:0:0: Direct-Access     VBOX     HARDDISK         1.0  PQ: 0 ANSI: 5
[    3.416216] scsi target2:0:0: Beginning Domain Validation
[    3.419673] scsi target2:0:0: Domain Validation skipping write tests
[    3.420991] scsi target2:0:0: Ending Domain Validation
[    3.422103] scsi target2:0:0: asynchronous
[    3.423539] scsi 2:0:1:0: Direct-Access     VBOX     HARDDISK         1.0  PQ: 0 ANSI: 5
[    3.466298] scsi target2:0:1: Beginning Domain Validation
[    3.469730] scsi target2:0:1: Domain Validation skipping write tests
[    3.471020] scsi target2:0:1: Ending Domain Validation
[    3.472156] scsi target2:0:1: asynchronous
[    3.477223] sd 2:0:0:0: [sda] 83886080 512-byte logical blocks: (42.9 GB/40.0 GiB)
[    3.478719] sd 2:0:0:0: [sda] Write Protect is off
[    3.479648] sd 2:0:0:0: Attached scsi generic sg0 type 0
[    3.480800] sd 2:0:0:0: [sda] Incomplete mode parameter data
[    3.482050] sd 2:0:0:0: [sda] Assuming drive cache: write through
[    3.483861] sd 2:0:1:0: Attached scsi generic sg1 type 0
[    3.485034] sd 2:0:1:0: [sdb] 20480 512-byte logical blocks: (10.5 MB/10.0 MiB)
[    3.486905] sd 2:0:1:0: [sdb] Write Protect is off
[    3.488131] sd 2:0:1:0: [sdb] Incomplete mode parameter data
[    3.489400] sd 2:0:1:0: [sdb] Assuming drive cache: write through
[    3.491622]  sda: sda1
[    3.493146] sd 2:0:0:0: [sda] Attached SCSI disk
[    3.495456] sd 2:0:1:0: [sdb] Attached SCSI disk
Begin: Loading essential drivers ... [    5.092067] raid6: sse2x1   gen()  5649 MB/s
[    5.140058] raid6: sse2x1   xor()  5434 MB/s
[    5.188097] raid6: sse2x2   gen() 10929 MB/s
[    5.236148] raid6: sse2x2   xor()  7264 MB/s
[    5.284077] raid6: sse2x4   gen() 11667 MB/s
[    5.332069] raid6: sse2x4   xor()  6903 MB/s
[    5.380070] raid6: avx2x1   gen() 12841 MB/s
[    5.428078] raid6: avx2x1   xor() 11008 MB/s
[    5.476101] raid6: avx2x2   gen() 24525 MB/s
[    5.524083] raid6: avx2x2   xor() 14229 MB/s
[    5.572109] raid6: avx2x4   gen() 24197 MB/s
[    5.620120] raid6: avx2x4   xor() 10950 MB/s
[    5.621114] raid6: using algorithm avx2x2 gen() 24525 MB/s
[    5.622132] raid6: .... xor() 14229 MB/s, rmw enabled
[    5.623099] raid6: using avx2x2 recovery algorithm
[    5.625263] xor: automatically using best checksumming function   avx       
[    5.627514] async_tx: api initialized (async)
done.
Begin: Running /scripts/init-premount ... done.
Begin: Mounting root file system ... Begin: Running /scripts/local-top ... done.
Begin: Running /scripts/local-premount ... [    5.675174] Btrfs loaded, crc32c=crc32c-intel
Scanning for Btrfs filesystems
done.
Warning: fsck not present, so skipping root file system
[    5.705748] EXT4-fs (sda1): INFO: recovery required on readonly filesystem
[    5.707238] EXT4-fs (sda1): write access will be enabled during recovery
[    5.805534] EXT4-fs (sda1): recovery complete
[    5.806846] EXT4-fs (sda1): mounted filesystem with ordered data mode. Opts: (null)
done.
Begin: Running /scripts/local-bottom ... done.
Begin: Running /scripts/init-bottom ... done.
[    6.023042] ip_tables: (C) 2000-2006 Netfilter Core Team
[    6.032430] systemd[1]: systemd 237 running in system mode. (+PAM +AUDIT +SELINUX +IMA +APPARMOR +SMACK +SYSVINIT +UTMP +LIBCRYPTSETUP +GCRYPT +GNUTLS +ACL +XZ +LZ4 +SECCOMP +BLKID +ELFUTILS +KMOD -IDN2 +IDN -PCRE2 default-hierarchy=hybrid)
[    6.037369] systemd[1]: Detected virtualization oracle.
[    6.038446] systemd[1]: Detected architecture x86-64.

Welcome to [1mUbuntu 18.04.6 LTS[0m!

[    6.056720] systemd[1]: Set hostname to <ubuntu-bionic>.
[    6.312168] systemd[1]: Reached target User and Group Name Lookups.
[[0;32m  OK  [0m] Reached target User and Group Name Lookups.
[    6.325413] systemd[1]: Created slice System Slice.
[[0;32m  OK  [0m] Created slice System Slice.
[    6.336344] systemd[1]: Listening on Device-mapper event daemon FIFOs.
[[0;32m  OK  [0m] Listening on Device-mapper event daemon FIFOs.
[    6.338365] systemd[1]: Created slice User and Session Slice.
[[0;32m  OK  [0m] Created slice User and Session Slice.
[    6.339995] systemd[1]: Reached target System Time Synchronized.
[[0;32m  OK  [0m] Reached target System Time Synchronized.
[    6.341918] systemd[1]: Created slice system-serial\x2dgetty.slice.
[[0;32m  OK  [0m] Created slice system-serial\x2dgetty.slice.
[[0;32m  OK  [0m] Listening on /dev/initctl Compatibility Named Pipe.
[[0;32m  OK  [0m] Listening on LVM2 poll daemon socket.
[[0;32m  OK  [0m] Listening on Journal Audit Socket.
[[0;32m  OK  [0m] Set up automount Arbitrary Executabâ€¦rmats File System Automount Point.
[[0;32m  OK  [0m] Listening on Journal Socket.
         Starting Set the console keyboard layout...
         Starting Uncomplicated firewall...
         Mounting Kernel Debug File System...
         Mounting Huge Pages File System...
         Mounting POSIX Message Queue File System...
[[0;32m  OK  [0m] Reached target Slices.
[[0;32m  OK  [0m] Reached target Mounting snaps.
[[0;32m  OK  [0m] Reached target Mounted snaps.
[[0;32m  OK  [0m] Listening on udev Kernel Socket.
[[0;32m  OK  [0m] Listening on Syslog Socket.
         Starting Load Kernel Modules...
[[0;32m  OK  [0m] Listening on Journal Socket (/dev/log).
[[0;32m  OK  [0m] Reached target Swap.
[[0;32m  OK  [0m] Listening on udev Control Socket.
         Starting udev Coldplug all Devices...
[[0;32m  OK  [0m] Started Forward Password Requests to Wall Directory Watch.
         Starting Create list of required stâ€¦ce nodes for the current kernel...
[[0;32m  OK  [0m] Listening on fsck to fsckd communication Socket.
[    6.417447] Loading iSCSI transport class v2.0-870.
         Starting File System Check on Root Device...
[[0;32m  OK  [0m] Listening on LVM2 metadata daemon socket.
         Starting Monitoring of LVM2 mirrorsâ€¦ng dmeventd or progress polling...
[    6.426454] iscsi: registered transport (tcp)
[[0;32m  OK  [0m] Listening on Network Service Netlink Socket.
         Starting Journal Service...
[[0;32m  OK  [0m] Started Uncomplicated firewall.
[[0;32m  OK  [0m] Mounted Kernel Debug File System.
[[0;32m  OK  [0m] Mounted Huge Pages File System.
[[0;32m  OK  [0m] Mounted POSIX Message Queue File System.
[[0;32m  OK  [0m] Started Create list of required staâ€¦vice nodes for the current kernel.
         Starting Create Static Device Nodes in /dev...
[[0;32m  OK  [0m] Started File System Check Daemon to report status.
[[0;32m  OK  [0m] Started udev Coldplug all Devices.
[[0;32m  OK  [0m] Started LVM2 metadata daemon.
[    6.504669] iscsi: registered transport (iser)
[[0;32m  OK  [0m] Started Load Kernel Modules.
         Mounting Kernel Configuration File System...
         Starting Apply Kernel Variables...
         Mounting FUSE Control File System...
[[0;32m  OK  [0m] Mounted Kernel Configuration File System.
[[0;32m  OK  [0m] Mounted FUSE Control File System.
[[0;32m  OK  [0m] Started Journal Service.
[[0;32m  OK  [0m] Started Create Static Device Nodes in /dev.
[[0;32m  OK  [0m] Started File System Check on Root Device.
         Starting Remount Root and Kernel File Systems...
[[0;32m  OK  [0m] Started Monitoring of LVM2 mirrors,â€¦sing dmeventd or progress polling.
[[0;32m  OK  [0m] Started Apply Kernel Variables.
[[0;32m  OK  [0m] Started Remount Root and Kernel File Systems.
         Starting udev Kernel Device Manager...
         Starting Flush Journal to Persistent Storage...
         Starting Load/Save Random Seed...
[[0;32m  OK  [0m] Started Load/Save Random Seed.
[[0;32m  OK  [0m] Started Set the console keyboard layout.
[[0;32m  OK  [0m] Reached target Local File Systems (Pre).
[[0;32m  OK  [0m] Reached target Local File Systems.
         Starting AppArmor initialization...
         Starting Tell Plymouth To Write Out Runtime Data...
         Starting Set console font and keymap...
         Starting ebtables ruleset management...
[[0;32m  OK  [0m] Started udev Kernel Device Manager.
[[0;32m  OK  [0m] Started Dispatch Password Requests to Console Directory Watch.
[[0;32m  OK  [0m] Reached target Local Encrypted Volumes.
[[0;32m  OK  [0m] Started Set console font and keymap.
[[0;32m  OK  [0m] Started Flush Journal to Persistent Storage.
         Starting Create Volatile Files and Directories...
[[0;32m  OK  [0m] Started Tell Plymouth To Write Out Runtime Data.
[[0;32m  OK  [0m] Started Create Volatile Files and Directories.
         Starting Update UTMP about System Boot/Shutdown...
[[0;32m  OK  [0m] Started Update UTMP about System Boot/Shutdown.
[[0;32m  OK  [0m] Started ebtables ruleset management.
[[0;32m  OK  [0m] Found device /dev/ttyS0.
[[0;32m  OK  [0m] Started AppArmor initialization.
         Starting Load AppArmor profiles managed internally by snapd...
         Starting Initial cloud-init job (pre-networking)...
         Mounting Arbitrary Executable File Formats File System...
[[0;32m  OK  [0m] Mounted Arbitrary Executable File Formats File System.
[[0;32m  OK  [0m] Listening on Load/Save RF Kill Switch Status /dev/rfkill Watch.
[[0;32m  OK  [0m] Started Load AppArmor profiles managed internally by snapd.
[    8.486198] cloud-init[551]: Cloud-init v. 23.1.2-0ubuntu0~18.04.1 running 'init-local' at Wed, 26 Jun 2024 02:45:44 +0000. Up 8.28 seconds.
[[0;32m  OK  [0m] Started Initial cloud-init job (pre-networking).
[[0;32m  OK  [0m] Reached target Network (Pre).
         Starting Network Service...
[[0;32m  OK  [0m] Started Network Service.
         Starting Network Name Resolution...
         Starting Wait for Network to be Configured...
[[0;32m  OK  [0m] Started Network Name Resolution.
[[0;32m  OK  [0m] Reached target Network.
[[0;32m  OK  [0m] Reached target Host and Network Name Lookups.
[[0;32m  OK  [0m] Started Wait for Network to be Configured.
         Starting Initial cloud-init job (metadata service crawler)...
[   11.383604] cloud-init[680]: Cloud-init v. 23.1.2-0ubuntu0~18.04.1 running 'init' at Wed, 26 Jun 2024 02:45:47 +0000. Up 11.20 seconds.
[   11.386711] cloud-init[680]: ci-info: ++++++++++++++++++++++++++++++++++++++Net device info+++++++++++++++++++++++++++++++++++++++
[   11.387915] cloud-init[680]: ci-info: +--------+------+-----------------------------+---------------+--------+-------------------+
[   11.389028] cloud-init[680]: ci-info: | Device |  Up  |           Address           |      Mask     | Scope  |     Hw-Address    |
[   11.389985] cloud-init[680]: ci-info: +--------+------+-----------------------------+---------------+--------+-------------------+
[   11.391039] cloud-init[680]: ci-info: | enp0s3 | True |          10.0.2.15          | 255.255.255.0 | global | 02:3b:7b:b7:3b:2d |
[   11.392110] cloud-init[680]: ci-info: | enp0s3 | True |  fe80::3b:7bff:feb7:3b2d/64 |       .       |  link  | 02:3b:7b:b7:3b:2d |
[   11.393246] cloud-init[680]: ci-info: | enp0s8 | True |        192.168.56.10        | 255.255.255.0 | global | 08:00:27:50:f5:10 |
[   11.394257] cloud-init[680]: ci-info: | enp0s8 | True | fe80::a00:27ff:fe50:f510/64 |       .       |  link  | 08:00:27:50:f5:10 |
[   11.395302] cloud-init[680]: ci-info: |   lo   | True |          127.0.0.1          |   255.0.0.0   |  host  |         .         |
[   11.396621] cloud-init[680]: ci-info: |   lo   | True |           ::1/128           |       .       |  host  |         .         |
[   11.397724] cloud-init[680]: ci-info: +--------+------+-----------------------------+---------------+--------+-------------------+
[   11.398811] cloud-init[680]: ci-info: +++++++++++++++++++++++++++++Route IPv4 info+++++++++++++++++++++++++++++
[   11.399874] cloud-init[680]: ci-info: +-------+--------------+----------+-----------------+-----------+-------+
[   11.401129] cloud-init[680]: ci-info: | Route | Destination  | Gateway  |     Genmask     | Interface | Flags |
[   11.402020] cloud-init[680]: ci-info: +-------+--------------+----------+-----------------+-----------+-------+
[   11.402924] cloud-init[680]: ci-info: |   0   |   0.0.0.0    | 10.0.2.2 |     0.0.0.0     |   enp0s3  |   UG  |
[   11.403820] cloud-init[680]: ci-info: |   1   |   10.0.2.0   | 0.0.0.0  |  255.255.255.0  |   enp0s3  |   U   |
[   11.404921] cloud-init[680]: ci-info: |   2   |   10.0.2.2   | 0.0.0.0  | 255.255.255.255 |   enp0s3  |   UH  |
[   11.406141] cloud-init[680]: ci-info: |   3   | 192.168.56.0 | 0.0.0.0  |  255.255.255.0  |   enp0s8  |   U   |
[   11.406886] cloud-init[680]: ci-info: +-------+--------------+----------+-----------------+-----------+-------+
[   11.407763] cloud-init[680]: ci-info: +++++++++++++++++++Route IPv6 info+++++++++++++++++++
[   11.408777] cloud-init[680]: ci-info: +-------+-------------+---------+-----------+-------+
[   11.409733] cloud-init[680]: ci-info: | Route | Destination | Gateway | Interface | Flags |
[   11.410722] cloud-init[680]: ci-info: +-------+-------------+---------+-----------+-------+
[   11.420319] cloud-init[680]: ci-info: |   1   |  fe80::/64  |    ::   |   enp0s3  |   U   |
[   11.421159] cloud-init[680]: ci-info: |   2   |  fe80::/64  |    ::   |   enp0s8  |   U   |
[   11.422086] cloud-init[680]: ci-info: |   4   |    local    |    ::   |   enp0s3  |   U   |
[   11.422883] cloud-init[680]: ci-info: |   5   |    local    |    ::   |   enp0s8  |   U   |
[   11.423786] cloud-init[680]: ci-info: |   6   |   ff00::/8  |    ::   |   enp0s3  |   U   |
[   11.426408] cloud-init[680]: ci-info: |   7   |   ff00::/8  |    ::   |   enp0s8  |   U   |
[   11.427368] cloud-init[680]: ci-info: +-------+-------------+---------+-----------+-------+
[[0;32m  OK  [0m] Started Initial cloud-init job (metadata service crawler).
[[0;32m  OK  [0m] Reached target Cloud-config availability.
[[0;32m  OK  [0m] Reached target Network is Online.
         Starting Availability of block devices...
[[0;32m  OK  [0m] Reached target Remote File Systems (Pre).
         Mounting /vagrant...
[[0;32m  OK  [0m] Reached target System Initialization.
[[0;32m  OK  [0m] Listening on UUID daemon activation socket.
[[0;32m  OK  [0m] Started Ubuntu Advantage Timer for running repeated jobs.
[[0;32m  OK  [0m] Started Message of the Day.
[[0;32m  OK  [0m] Started Daily Cleanup of Temporary Directories.
[[0;32m  OK  [0m] Started Daily apt download activities.
[[0;32m  OK  [0m] Listening on ACPID Listen Socket.
[[0;32m  OK  [0m] Listening on Open-iSCSI iscsid Socket.
[[0;32m  OK  [0m] Started ACPI Events Check.
[[0;32m  OK  [0m] Reached target Paths.
         Starting Socket activation for snappy daemon.
[[0;32m  OK  [0m] Listening on D-Bus System Message Bus Socket.
[[0;32m  OK  [0m] Started Discard unused blocks once a week.
[[0;32m  OK  [0m] Started Daily apt upgrade and clean activities.
[[0;32m  OK  [0m] Reached target Timers.
[[0;32m  OK  [0m] Listening on cloud-init hotplug hook socket.
         Starting LXD - unix socket.
[[0;32m  OK  [0m] Started Availability of block devices.
[[0;32m  OK  [0m] Listening on Socket activation for snappy daemon.
[[0;32m  OK  [0m] Listening on LXD - unix socket.
[[0;32m  OK  [0m] Reached target Sockets.
[[0;32m  OK  [0m] Reached target Basic System.
[[0;32m  OK  [0m] Started Regular background program processing daemon.
         Starting System Logging Service...
         Starting Virtualbox guest utils...
[[0;32m  OK  [0m] Started FUSE filesystem for LXC.
         Starting Dispatcher daemon for systemd-networkd...
         Starting OpenBSD Secure Shell server...
[[0;32m  OK  [0m] Started Deferred execution scheduler.
         Starting Message of the Day...
         Starting LXD - container startup/shutdown...
[[0;32m  OK  [0m] Started irqbalance daemon.
         Starting LSB: Record successful boot for GRUB...
         Starting Login Service...
         Starting Discard unused blocks...
[[0;32m  OK  [0m] Reached target Login Prompts (Pre).
         Starting Accounts Service...
[[0;32m  OK  [0m] Started D-Bus System Message Bus.
         Starting Snap Daemon...
[[0;32m  OK  [0m] Started System Logging Service.
[[0;32m  OK  [0m] Mounted /vagrant.
[[0;32m  OK  [0m] Started Discard unused blocks.
[[0;32m  OK  [0m] Started Login Service.
[[0;32m  OK  [0m] Started OpenBSD Secure Shell server.
[[0;32m  OK  [0m] Started LXD - container startup/shutdown.
         Starting Authorization Manager...
[[0;32m  OK  [0m] Started Unattended Upgrades Shutdown.
[[0;32m  OK  [0m] Reached target Remote File Systems.
         Starting LSB: automatic crash report generation...
         Starting Permit User Sessions...
[[0;32m  OK  [0m] Started Dispatcher daemon for systemd-networkd.
[[0;32m  OK  [0m] Started Permit User Sessions.
         Starting Terminate Plymouth Boot Screen...
         Starting Hold until boot process finishes up...
[[0;32m  OK  [0m] Started Hold until boot process finishes up.
[[0;32m  OK  [0m] Started Serial Getty on ttyS0.
         Starting Set console scheme...
[[0;32m  OK  [0m] Started Terminate Plymouth Boot Screen.
[[0;32m  OK  [0m] Started LSB: Record successful boot for GRUB.
[[0;32m  OK  [0m] Started Authorization Manager.
[[0;32m  OK  [0m] Started Accounts Service.
[[0;32m  OK  [0m] Started Set console scheme.
[[0;32m  OK  [0m] Created slice system-getty.slice.
[[0;32m  OK  [0m] Started Getty on tty1.
[[0;32m  OK  [0m] Reached target Login Prompts.
[[0;32m  OK  [0m] Created slice User Slice of vagrant.
[[0;32m  OK  [0m] Started Virtualbox guest utils.
[[0;32m  OK  [0m] Started LSB: automatic crash report generation.
[[0;32m  OK  [0m] Started Session 1 of user vagrant.
         Starting User Manager for UID 1000...
[[0;32m  OK  [0m] Started User Manager for UID 1000.
[[0;32m  OK  [0m] Started Snap Daemon.
         Starting Time & Date Service...
         Starting Wait until snapd is fully seeded...
[[0;32m  OK  [0m] Started Time & Date Service.
[[0;32m  OK  [0m] Started Wait until snapd is fully seeded.
         Starting Apply the settings specified in cloud-config...
[   14.038299] cloud-init[1173]: Cloud-init v. 23.1.2-0ubuntu0~18.04.1 running 'modules:config' at Wed, 26 Jun 2024 02:45:50 +0000. Up 13.88 seconds.
[[0;32m  OK  [0m] Started Apply the settings specified in cloud-config.
[[0;32m  OK  [0m] Reached target Multi-User System.
[[0;32m  OK  [0m] Reached target Graphical Interface.
         Starting Update UTMP about System Runlevel Changes...
         Starting Execute cloud user/final scripts...
[[0;32m  OK  [0m] Started Update UTMP about System Runlevel Changes.
[[0;32m  OK  [0m] Started Message of the Day.
[   14.931385] cloud-init[1277]: Cloud-init v. 23.1.2-0ubuntu0~18.04.1 running 'modules:final' at Wed, 26 Jun 2024 02:45:51 +0000. Up 14.78 seconds.
[   14.932498] cloud-init[1277]: Cloud-init v. 23.1.2-0ubuntu0~18.04.1 finished at Wed, 26 Jun 2024 02:45:51 +0000. Datasource DataSourceNoCloud [seed=/dev/sdb][dsmode=net].  Up 14.92 seconds
[[0;32m  OK  [0m] Started Execute cloud user/final scripts.
[[0;32m  OK  [0m] Reached target Cloud-init target.

Ubuntu 18.04.6 LTS ubuntu-bionic ttyS0

ubuntu-bionic login: 